// Jest Snapshot v1, https://goo.gl/fbAQLP

exports[`Render Offers 1`] = `
Array [
  <article
    className="cities__place-card place-card"
    onMouseOut={[Function]}
    onMouseOver={[Function]}
  >
    <div
      className="place-card__mark"
    >
      <span>
        Premium
      </span>
    </div>
    <div
      className="cities__image-wrapper place-card__image-wrapper"
    >
      <a
        href="#"
      >
        <img
          alt="Luxury loft 15 min from Amsterdam Central Station"
          className="place-card__image"
          height={200}
          src="img/apartment-01.jpg"
          width={260}
        />
      </a>
    </div>
    <div
      className="place-card__info"
    >
      <div
        className="place-card__price-wrapper"
      >
        <div
          className="place-card__price"
        >
          <b
            className="place-card__price-value"
          >
            €
            100
          </b>
          <span
            className="place-card__price-text"
          >
            / 
            night
          </span>
        </div>
        <button
          className="place-card__bookmark-button button"
          type="button"
        >
          <svg
            className="place-card__bookmark-icon"
            height={19}
            width={18}
          >
            <use
              xlinkHref="#icon-bookmark"
            />
          </svg>
          <span
            className="visually-hidden"
          >
            To bookmarks
          </span>
        </button>
      </div>
      <div
        className="place-card__rating rating"
      >
        <div
          className="place-card__stars rating__stars"
        >
          <span
            style={
              Object {
                "width": "90%",
              }
            }
          />
          <span
            className="visually-hidden"
          >
            Rating
          </span>
        </div>
      </div>
      <h2
        className="place-card__name"
      >
        <a
          href="#"
          onClick={[Function]}
        >
          Luxury loft 15 min from Amsterdam Central Station
        </a>
      </h2>
      <p
        className="place-card__type"
      >
        Apartment
      </p>
    </div>
  </article>,
  <article
    className="cities__place-card place-card"
    onMouseOut={[Function]}
    onMouseOver={[Function]}
  >
    
    <div
      className="cities__image-wrapper place-card__image-wrapper"
    >
      <a
        href="#"
      >
        <img
          alt="Budget Twin Studio with Street Art in Amsterdam"
          className="place-card__image"
          height={200}
          src="img/room.jpg"
          width={260}
        />
      </a>
    </div>
    <div
      className="place-card__info"
    >
      <div
        className="place-card__price-wrapper"
      >
        <div
          className="place-card__price"
        >
          <b
            className="place-card__price-value"
          >
            €
            50
          </b>
          <span
            className="place-card__price-text"
          >
            / 
            night
          </span>
        </div>
        <button
          className="place-card__bookmark-button button"
          type="button"
        >
          <svg
            className="place-card__bookmark-icon"
            height={19}
            width={18}
          >
            <use
              xlinkHref="#icon-bookmark"
            />
          </svg>
          <span
            className="visually-hidden"
          >
            To bookmarks
          </span>
        </button>
      </div>
      <div
        className="place-card__rating rating"
      >
        <div
          className="place-card__stars rating__stars"
        >
          <span
            style={
              Object {
                "width": "76%",
              }
            }
          />
          <span
            className="visually-hidden"
          >
            Rating
          </span>
        </div>
      </div>
      <h2
        className="place-card__name"
      >
        <a
          href="#"
          onClick={[Function]}
        >
          Budget Twin Studio with Street Art in Amsterdam
        </a>
      </h2>
      <p
        className="place-card__type"
      >
        Private room
      </p>
    </div>
  </article>,
  <article
    className="cities__place-card place-card"
    onMouseOut={[Function]}
    onMouseOver={[Function]}
  >
    
    <div
      className="cities__image-wrapper place-card__image-wrapper"
    >
      <a
        href="#"
      >
        <img
          alt="Generator - Bed in 4 bed Dorm"
          className="place-card__image"
          height={200}
          src="img/apartment-02.jpg"
          width={260}
        />
      </a>
    </div>
    <div
      className="place-card__info"
    >
      <div
        className="place-card__price-wrapper"
      >
        <div
          className="place-card__price"
        >
          <b
            className="place-card__price-value"
          >
            €
            35
          </b>
          <span
            className="place-card__price-text"
          >
            / 
            night
          </span>
        </div>
        <button
          className="place-card__bookmark-button button"
          type="button"
        >
          <svg
            className="place-card__bookmark-icon"
            height={19}
            width={18}
          >
            <use
              xlinkHref="#icon-bookmark"
            />
          </svg>
          <span
            className="visually-hidden"
          >
            To bookmarks
          </span>
        </button>
      </div>
      <div
        className="place-card__rating rating"
      >
        <div
          className="place-card__stars rating__stars"
        >
          <span
            style={
              Object {
                "width": "86%",
              }
            }
          />
          <span
            className="visually-hidden"
          >
            Rating
          </span>
        </div>
      </div>
      <h2
        className="place-card__name"
      >
        <a
          href="#"
          onClick={[Function]}
        >
          Generator - Bed in 4 bed Dorm
        </a>
      </h2>
      <p
        className="place-card__type"
      >
        Apartment
      </p>
    </div>
  </article>,
  <article
    className="cities__place-card place-card"
    onMouseOut={[Function]}
    onMouseOver={[Function]}
  >
    <div
      className="place-card__mark"
    >
      <span>
        Premium
      </span>
    </div>
    <div
      className="cities__image-wrapper place-card__image-wrapper"
    >
      <a
        href="#"
      >
        <img
          alt="Houseboot Amsterdam"
          className="place-card__image"
          height={200}
          src="img/apartment-03.jpg"
          width={260}
        />
      </a>
    </div>
    <div
      className="place-card__info"
    >
      <div
        className="place-card__price-wrapper"
      >
        <div
          className="place-card__price"
        >
          <b
            className="place-card__price-value"
          >
            €
            67
          </b>
          <span
            className="place-card__price-text"
          >
            / 
            night
          </span>
        </div>
        <button
          className="place-card__bookmark-button button"
          type="button"
        >
          <svg
            className="place-card__bookmark-icon"
            height={19}
            width={18}
          >
            <use
              xlinkHref="#icon-bookmark"
            />
          </svg>
          <span
            className="visually-hidden"
          >
            To bookmarks
          </span>
        </button>
      </div>
      <div
        className="place-card__rating rating"
      >
        <div
          className="place-card__stars rating__stars"
        >
          <span
            style={
              Object {
                "width": "100%",
              }
            }
          />
          <span
            className="visually-hidden"
          >
            Rating
          </span>
        </div>
      </div>
      <h2
        className="place-card__name"
      >
        <a
          href="#"
          onClick={[Function]}
        >
          Houseboot Amsterdam
        </a>
      </h2>
      <p
        className="place-card__type"
      >
        Apartment
      </p>
    </div>
  </article>,
]
`;
