// Jest Snapshot v1, https://goo.gl/fbAQLP

exports[`Render withOpen 1`] = `
<withActiveItemWrapped
  activeItemId={null}
  onOfferCardHover={[Function]}
/>
`;
